+ ansible-playbook -i inventory test_dryrun.yml
++ set +x
