+ ansible-playbook -i inventory --check test_dryrun.yml
++ set +x
